// Vitest Snapshot v1, https://vitest.dev/guide/snapshot.html

exports[`Algolia Response Schema > Discovery Pages Index > matches captured discovery response structure 1`] = `
{
  "exhaustive": {
    "nbHits": "boolean",
    "typo": "boolean",
  },
  "exhaustiveNbHits": "boolean",
  "exhaustiveTypo": "boolean",
  "hits": [
    {
      "objectID": "string",
      "redirect_term": "string",
      "title": "string",
      "url": "string",
    },
  ],
  "hitsPerPage": "number",
  "nbHits": "number",
  "nbPages": "number",
  "page": "number",
  "params": "string",
  "processingTimeMS": "number",
  "processingTimingsMS": {
    "_request": {
      "roundTrip": "number",
    },
    "total": "number",
  },
  "query": "string",
  "renderingContent": {},
}
`;

exports[`Algolia Response Schema > Product Search Index > matches captured product response structure 1`] = `
{
  "results": [
    {
      "aiReRanking": {
        "persoImpactInsideActivationWindow": "boolean",
        "reRankingActivated": "boolean",
      },
      "appliedRules": [
        {
          "objectID": "string",
        },
      ],
      "exhaustive": {
        "facetsCount": "boolean",
        "nbHits": "boolean",
        "typo": "boolean",
      },
      "exhaustiveFacetsCount": "boolean",
      "exhaustiveNbHits": "boolean",
      "exhaustiveTypo": "boolean",
      "extensions": {
        "queryCategorization": {
          "count": "number",
          "normalizedQuery": "string",
        },
      },
      "facets": {
        "categories.lvl0": {
          "Cheese": "number",
          "Dairy": "number",
          "Frozen": "number",
          "Grocery": "number",
          "More Departments": "number",
          "Prepared Foods": "number",
          "Wine, Beer & Spirits": "number",
        },
        "categories.lvl1": {
          "Cheese > Blue Cheese": "number",
          "Cheese > Brie & Other Cave Ripened Soft Cheeses": "number",
          "Cheese > Feta, Olives and Antipasti": "number",
          "Cheese > Hard Cheeses": "number",
          "Cheese > Mozzarella, Burrata & Mascarpone": "number",
          "Dairy > Cheese": "number",
          "Dairy > Coffee Creamer and Cream": "number",
          "Dairy > Cookies & Desserts": "number",
          "Dairy > Cottage and Ricotta Cheese": "number",
          "Dairy > International Foods": "number",
          "Dairy > Milk, Juice and Refrigerated Beverage": "number",
          "Dairy > Refrigerated Dips and Sour Cream": "number",
          "Dairy > Whipped Toppings": "number",
          "Dairy > Yogurt": "number",
          "Frozen > Fruit": "number",
          "Frozen > Ice Cream": "number",
          "Grocery > Baking & Baking Ingredients": "number",
          "Grocery > Beverages": "number",
          "Grocery > Breakfast": "number",
          "Grocery > Candy": "number",
          "Grocery > Chips & Snack Foods": "number",
          "Grocery > International Foods": "number",
          "Grocery > Protein & Snack Bars": "number",
          "Grocery > Soups & Broths": "number",
          "More Departments > Baby & Toddler": "number",
          "More Departments > Bulk Foods": "number",
          "More Departments > Health and Wellness": "number",
          "More Departments > Personal Care and Makeup": "number",
          "Prepared Foods > Pizza & Wings": "number",
          "Wine, Beer & Spirits > Beer Shop": "number",
        },
        "categories.lvl2": {
          "Cheese > Brie & Other Cave Ripened Soft Cheeses > Brie & Wegmans Cave Ripened": "number",
          "Cheese > Feta, Olives and Antipasti > Feta": "number",
          "Cheese > Hard Cheeses > Cheddar": "number",
          "Cheese > Hard Cheeses > Other Italian Hard Cheeses": "number",
          "Cheese > Mozzarella, Burrata & Mascarpone > Mascarpone & Creams": "number",
          "Dairy > Cheese > Block": "number",
          "Dairy > Cheese > Shredded": "number",
          "Dairy > Cheese > Sliced": "number",
          "Dairy > Cheese > Snack & String": "number",
          "Dairy > Coffee Creamer and Cream > Milk Based Coffee Creamer": "number",
          "Dairy > Coffee Creamer and Cream > Plant Based Coffee Creamer": "number",
          "Dairy > Cookies & Desserts > Cookie and Brownie Dough": "number",
          "Dairy > Cookies & Desserts > Dairy Free Desserts": "number",
          "Dairy > Cottage and Ricotta Cheese > Cottage Cheese": "number",
          "Dairy > Cottage and Ricotta Cheese > Ricotta": "number",
          "Dairy > International Foods > Latino Foods": "number",
          "Dairy > Milk, Juice and Refrigerated Beverage > Dairy Free Beverages": "number",
          "Dairy > Milk, Juice and Refrigerated Beverage > Functional Beverages": "number",
          "Dairy > Milk, Juice and Refrigerated Beverage > Juice": "number",
          "Dairy > Milk, Juice and Refrigerated Beverage > Kombucha & Wellness Shots": "number",
          "Dairy > Milk, Juice and Refrigerated Beverage > Milk": "number",
          "Dairy > Milk, Juice and Refrigerated Beverage > Tea & Lemonades": "number",
          "Dairy > Refrigerated Dips and Sour Cream > Salsa & Queso": "number",
          "Dairy > Yogurt > Blended and Fruit on the Bottom": "number",
          "Dairy > Yogurt > Dairy Free Yogurt": "number",
          "Dairy > Yogurt > Greek": "number",
          "Dairy > Yogurt > Kefir & Drinkable Yogurts": "number",
          "Dairy > Yogurt > Kids": "number",
          "Dairy > Yogurt > Specialty Yogurt": "number",
          "Frozen > Fruit > Novelties": "number",
          "Frozen > Ice Cream > Cones and Toppings": "number",
          "Frozen > Ice Cream > Dairy Free Ice Cream": "number",
          "Frozen > Ice Cream > Dairy Free Novelties": "number",
          "Frozen > Ice Cream > Ice Cream": "number",
          "Frozen > Ice Cream > Ice Cream Pints": "number",
          "Frozen > Ice Cream > Novelties": "number",
          "Grocery > Baking & Baking Ingredients > Baking Mixes": "number",
          "Grocery > Baking & Baking Ingredients > Baking Needs": "number",
          "Grocery > Baking & Baking Ingredients > Canned & Powdered Milk": "number",
          "Grocery > Baking & Baking Ingredients > Frosting & Icing": "number",
          "Grocery > Beverages > Cocoa": "number",
          "Grocery > Beverages > Coffee & Creamers": "number",
          "Grocery > Beverages > Shelf Stable Beverages": "number",
          "Grocery > Beverages > Tea": "number",
          "Grocery > Breakfast > Cereal": "number",
          "Grocery > Breakfast > Oatmeal & Grits": "number",
          "Grocery > Candy > Chocolate": "number",
          "Grocery > Candy > Marshmallows": "number",
          "Grocery > Candy > Seasonal & Holiday Candy": "number",
          "Grocery > Candy > Single Serve": "number",
          "Grocery > Chips & Snack Foods > Cookies": "number",
          "Grocery > Chips & Snack Foods > Pretzels": "number",
          "Grocery > Chips & Snack Foods > Snack Nuts": "number",
          "Grocery > International Foods > Asian": "number",
          "Grocery > International Foods > European & Mediterranean": "number",
          "Grocery > International Foods > Latino Foods": "number",
          "Grocery > Protein & Snack Bars > High Protein Bars": "number",
          "Grocery > Protein & Snack Bars > Protein & Lifestyle Bars": "number",
          "Grocery > Soups & Broths > Canned Soup": "number",
          "More Departments > Baby & Toddler > Baby Food & Snacks": "number",
          "More Departments > Baby & Toddler > Bottles & Breastfeeding": "number",
          "More Departments > Baby & Toddler > Formula & Electrolytes": "number",
          "More Departments > Bulk Foods > Candy and Gum": "number",
          "More Departments > Health and Wellness > Active & Sport Nutrition": "number",
          "More Departments > Health and Wellness > Digestive Health": "number",
          "More Departments > Health and Wellness > Vitamins and Supplements": "number",
          "More Departments > Personal Care and Makeup > Bath & Body": "number",
          "More Departments > Personal Care and Makeup > Deodorant & Antiperspirant": "number",
          "More Departments > Personal Care and Makeup > Facial Skin Care": "number",
          "More Departments > Personal Care and Makeup > Hair Care": "number",
          "More Departments > Personal Care and Makeup > Hand & Body Lotion": "number",
          "More Departments > Personal Care and Makeup > Hand Soap": "number",
          "More Departments > Personal Care and Makeup > Lip Care": "number",
          "More Departments > Personal Care and Makeup > Makeup & Nail Care": "number",
          "More Departments > Personal Care and Makeup > Shaving & Grooming": "number",
          "More Departments > Personal Care and Makeup > Travel": "number",
          "Prepared Foods > Pizza & Wings > Pizza and Toppings": "number",
          "Wine, Beer & Spirits > Beer Shop > Porters and Stouts": "number",
        },
        "categories.lvl3": {
          "Dairy > Milk, Juice and Refrigerated Beverage > Dairy Free Beverages > Almond": "number",
          "Dairy > Milk, Juice and Refrigerated Beverage > Dairy Free Beverages > Coconut": "number",
          "Dairy > Milk, Juice and Refrigerated Beverage > Dairy Free Beverages > Oat": "number",
          "Dairy > Milk, Juice and Refrigerated Beverage > Dairy Free Beverages > Soy": "number",
          "Dairy > Milk, Juice and Refrigerated Beverage > Dairy Free Beverages > Specialty Beverages": "number",
          "Frozen > Ice Cream > Ice Cream > Ice Cream": "number",
          "Frozen > Ice Cream > Ice Cream Pints > Ice Cream": "number",
          "Frozen > Ice Cream > Novelties > IC Novelties": "number",
          "Grocery > Baking & Baking Ingredients > Baking Mixes > Brownies": "number",
          "Grocery > Baking & Baking Ingredients > Baking Mixes > Specialty Mixes": "number",
          "Grocery > Baking & Baking Ingredients > Baking Needs > Baking Chocolate & Morsels": "number",
          "Grocery > Beverages > Coffee & Creamers > Cold Brew & Bottled Coffee": "number",
          "Grocery > Beverages > Coffee & Creamers > Creamers": "number",
          "Grocery > Beverages > Shelf Stable Beverages > Almond": "number",
          "Grocery > Beverages > Shelf Stable Beverages > Coconut": "number",
          "Grocery > Beverages > Shelf Stable Beverages > Dairy & Protein": "number",
          "Grocery > Beverages > Shelf Stable Beverages > Oat": "number",
          "Grocery > Beverages > Shelf Stable Beverages > Soy": "number",
          "Grocery > Beverages > Shelf Stable Beverages > Specialty": "number",
          "Grocery > Beverages > Tea > Herbal Tea": "number",
          "Grocery > Chips & Snack Foods > Cookies > Cookies": "number",
          "Grocery > Chips & Snack Foods > Snack Nuts > Flavored Nuts & Blends": "number",
          "Grocery > International Foods > Asian > Ingredients": "number",
          "Grocery > International Foods > Latino Foods > Canned Milk": "number",
          "More Departments > Baby & Toddler > Baby Food & Snacks > Fresh Refrigerated Baby & Kids Food": "number",
          "More Departments > Baby & Toddler > Baby Food & Snacks > Pouches - All Stages": "number",
          "More Departments > Baby & Toddler > Baby Food & Snacks > Puffs, Melts & Teething Wafers": "number",
          "More Departments > Baby & Toddler > Bottles & Breastfeeding > Breastfeeding Support": "number",
          "More Departments > Baby & Toddler > Formula & Electrolytes > Infant Formula - Liquid Concentrates": "number",
          "More Departments > Baby & Toddler > Formula & Electrolytes > Infant Formula - Powders": "number",
          "More Departments > Baby & Toddler > Formula & Electrolytes > Infant Formula - Ready To Feeds": "number",
          "More Departments > Baby & Toddler > Formula & Electrolytes > Toddler Formulas": "number",
          "More Departments > Health and Wellness > Active & Sport Nutrition > Ready To Drink": "number",
          "More Departments > Health and Wellness > Active & Sport Nutrition > Whey Protein Powder": "number",
          "More Departments > Health and Wellness > Digestive Health > Fiber & Laxatives": "number",
          "More Departments > Health and Wellness > Vitamins and Supplements > Calcium": "number",
          "More Departments > Health and Wellness > Vitamins and Supplements > Diet & Detox": "number",
          "More Departments > Health and Wellness > Vitamins and Supplements > Tonic,Tinctures & Bitters": "number",
          "More Departments > Personal Care and Makeup > Bath & Body > Bar Soap": "number",
          "More Departments > Personal Care and Makeup > Bath & Body > Body Wash & Shower Gel": "number",
          "More Departments > Personal Care and Makeup > Bath & Body > Kids' Bath": "number",
          "More Departments > Personal Care and Makeup > Deodorant & Antiperspirant > Solids and Sticks": "number",
          "More Departments > Personal Care and Makeup > Facial Skin Care > Cleansers & Wipes": "number",
          "More Departments > Personal Care and Makeup > Facial Skin Care > Moisturizers": "number",
          "More Departments > Personal Care and Makeup > Facial Skin Care > Toners": "number",
          "More Departments > Personal Care and Makeup > Hair Care > Kids' Hair": "number",
          "More Departments > Personal Care and Makeup > Hair Care > Shampoo & Conditioner": "number",
          "More Departments > Personal Care and Makeup > Hair Care > Styling Products": "number",
          "More Departments > Personal Care and Makeup > Hair Care > Textured Hair Care": "number",
          "More Departments > Personal Care and Makeup > Hand & Body Lotion > Lotions & Creams": "number",
          "More Departments > Personal Care and Makeup > Hand Soap > Liquid": "number",
          "More Departments > Personal Care and Makeup > Lip Care > Lip Balms": "number",
          "More Departments > Personal Care and Makeup > Makeup & Nail Care > Face": "number",
          "More Departments > Personal Care and Makeup > Shaving & Grooming > Hair Removal": "number",
          "More Departments > Personal Care and Makeup > Travel > Travel Size Products": "number",
        },
        "category.key": {
          "2952075": "number",
          "2952087": "number",
          "2952090": "number",
          "2952098": "number",
          "2957053": "number",
          "2957054": "number",
          "2957056": "number",
          "2957057": "number",
          "2957334": "number",
          "2957335": "number",
          "2957336": "number",
          "2957337": "number",
          "2957341": "number",
          "2957342": "number",
          "2957346": "number",
          "2957347": "number",
          "2957382": "number",
          "2957383": "number",
          "2957385": "number",
          "2957426": "number",
          "2957428": "number",
          "2957431": "number",
          "2957432": "number",
          "2957433": "number",
          "2957437": "number",
          "2957469": "number",
          "2957470": "number",
          "2957472": "number",
          "2957476": "number",
          "2957478": "number",
          "2957480": "number",
          "2957481": "number",
          "2957483": "number",
          "2957484": "number",
          "2957490": "number",
          "2957498": "number",
          "2957511": "number",
          "2957520": "number",
          "2957529": "number",
          "2957534": "number",
          "2957536": "number",
          "2957537": "number",
          "2957538": "number",
          "2957540": "number",
          "2957542": "number",
          "2957543": "number",
          "2957554": "number",
          "2957562": "number",
          "2957622": "number",
          "2957637": "number",
          "2957657": "number",
          "2957658": "number",
          "2957659": "number",
          "2957660": "number",
          "2957661": "number",
          "2957662": "number",
          "2957676": "number",
          "2957678": "number",
          "2957683": "number",
          "2957691": "number",
          "2957692": "number",
          "2957698": "number",
          "2957702": "number",
          "2957723": "number",
          "4459766": "number",
          "4459767": "number",
          "4459768": "number",
          "4459769": "number",
          "4468019": "number",
          "4468023": "number",
          "4468025": "number",
          "4468027": "number",
          "4468028": "number",
          "5089488": "number",
          "5089491": "number",
          "5089504": "number",
          "5089618": "number",
          "5107586": "number",
          "5107587": "number",
          "5107588": "number",
          "5107590": "number",
          "5107591": "number",
          "5107592": "number",
          "5107593": "number",
          "5107594": "number",
          "5107596": "number",
          "5107783": "number",
          "5108044": "number",
          "5108066": "number",
          "5108172": "number",
          "5108173": "number",
          "5108174": "number",
          "5508093": "number",
          "5508098": "number",
          "5508099": "number",
          "5508101": "number",
          "5508102": "number",
          "5508103": "number",
          "5508106": "number",
          "5508119": "number",
          "5509235": "number",
          "5509236": "number",
          "5509240": "number",
          "5509563": "number",
          "5509589": "number",
          "5509591": "number",
          "5509801": "number",
          "5509804": "number",
          "5509806": "number",
          "5509807": "number",
          "5509808": "number",
          "5509811": "number",
          "5509813": "number",
          "5509815": "number",
          "5509816": "number",
          "5509821": "number",
          "5509822": "number",
          "5509827": "number",
          "5509831": "number",
          "5509839": "number",
          "5509980": "number",
          "5605949": "number",
          "5605950": "number",
          "5605951": "number",
          "5605952": "number",
          "5605959": "number",
          "5605960": "number",
          "5605961": "number",
          "5605962": "number",
          "5605963": "number",
          "5605975": "number",
          "5605976": "number",
          "5605980": "number",
          "5605986": "number",
          "5605998": "number",
          "5606028": "number",
          "5606030": "number",
          "5606032": "number",
          "5606036": "number",
          "5606102": "number",
          "5606146": "number",
          "5641429": "number",
          "5681615": "number",
          "5681626": "number",
          "5681777": "number",
          "5681801": "number",
          "5681802": "number",
          "5681803": "number",
          "5681804": "number",
          "5681805": "number",
          "5681806": "number",
          "5681807": "number",
          "5681811": "number",
          "5681812": "number",
          "5681814": "number",
          "5681828": "number",
          "5681832": "number",
          "5681848": "number",
          "5681862": "number",
          "5681863": "number",
          "5681872": "number",
          "5681875": "number",
          "5681877": "number",
          "5681878": "number",
          "5681881": "number",
          "5681890": "number",
          "6004073": "number",
          "6311285": "number",
          "6311288": "number",
          "6776891": "number",
        },
        "category.seo": {
          "Active-Sport-Nutrition-2957698": "number",
          "Almond-5605959": "number",
          "Almond-5681801": "number",
          "Asian-2957676": "number",
          "Baby-Food-Snacks-2957469": "number",
          "Baby-Toddler-2957335": "number",
          "Baking-Baking-Ingredients-2957472": "number",
          "Baking-Chocolate-Morsels-5681814": "number",
          "Baking-Mixes-2957382": "number",
          "Baking-Needs-2957383": "number",
          "Bar-Soap-5509816": "number",
          "Bath-Body-2957660": "number",
          "Beer-Shop-2957341": "number",
          "Beverages-2957337": "number",
          "Blended-and-Fruit-on-the-Bottom-5107590": "number",
          "Block-5605950": "number",
          "Blue-Cheese-2952087": "number",
          "Body-Wash-Shower-Gel-5509821": "number",
          "Bottles-Breastfeeding-2957511": "number",
          "Breakfast-2957476": "number",
          "Breastfeeding-Support-5508119": "number",
          "Brie-Other-Cave-Ripened-Soft-Cheeses-4459766": "number",
          "Brie-Wegmans-Cave-Ripened-4468019": "number",
          "Brownies-5681811": "number",
          "Bulk-Foods-2952090": "number",
          "Calcium-5089488": "number",
          "Candy-2957481": "number",
          "Candy-and-Gum-2957554": "number",
          "Canned-Milk-5681626": "number",
          "Canned-Powdered-Milk-5681807": "number",
          "Canned-Soup-5681848": "number",
          "Cereal-5681828": "number",
          "Cheddar-4468025": "number",
          "Cheese-2957053": "number",
          "Cheese-2957426": "number",
          "Chips-Snack-Foods-5108174": "number",
          "Chocolate-5681877": "number",
          "Cleansers-Wipes-5509811": "number",
          "Cocoa-2957490": "number",
          "Coconut-5605961": "number",
          "Coconut-5681802": "number",
          "Coffee-Creamer-and-Cream-2957431": "number",
          "Coffee-Creamers-2957484": "number",
          "Cold-Brew-Bottled-Coffee-5108172": "number",
          "Cones-and-Toppings-2957480": "number",
          "Cookie-and-Brownie-Dough-5605980": "number",
          "Cookies-2957478": "number",
          "Cookies-5681872": "number",
          "Cookies-Desserts-2957540": "number",
          "Cottage-Cheese-5605975": "number",
          "Cottage-and-Ricotta-Cheese-2957537": "number",
          "Creamers-5108173": "number",
          "Dairy-2952075": "number",
          "Dairy-Free-Beverages-2957692": "number",
          "Dairy-Free-Desserts-6776891": "number",
          "Dairy-Free-Ice-Cream-5606036": "number",
          "Dairy-Free-Novelties-5641429": "number",
          "Dairy-Free-Yogurt-5107591": "number",
          "Dairy-Protein-5681806": "number",
          "Deodorant-Antiperspirant-2957662": "number",
          "Diet-Detox-5089491": "number",
          "Digestive-Health-2957702": "number",
          "European-Mediterranean-2957678": "number",
          "Face-5509591": "number",
          "Facial-Skin-Care-2957659": "number",
          "Feta-4468028": "number",
          "Feta-Olives-and-Antipasti-4459769": "number",
          "Fiber-Laxatives-5509240": "number",
          "Flavored-Nuts-Blends-5681890": "number",
          "Formula-Electrolytes-2957470": "number",
          "Fresh-Refrigerated-Baby-Kids-Food-5508093": "number",
          "Frosting-Icing-2957385": "number",
          "Frozen-2957336": "number",
          "Fruit-2957520": "number",
          "Functional-Beverages-5107586": "number",
          "Greek-5107593": "number",
          "Grocery-2957334": "number",
          "Hair-Care-2957658": "number",
          "Hair-Removal-5509563": "number",
          "Hand-Body-Lotion-5509808": "number",
          "Hand-Soap-2957661": "number",
          "Hard-Cheeses-4459767": "number",
          "Health-and-Wellness-2957346": "number",
          "Herbal-Tea-5681777": "number",
          "High-Protein-Bars-5681863": "number",
          "IC-Novelties-5606030": "number",
          "Ice-Cream-2957542": "number",
          "Ice-Cream-2957543": "number",
          "Ice-Cream-5606028": "number",
          "Ice-Cream-5606146": "number",
          "Ice-Cream-Pints-5606032": "number",
          "Infant-Formula---Liquid-Concentrates-5508101": "number",
          "Infant-Formula---Powders-5508102": "number",
          "Infant-Formula---Ready-To-Feeds-5508103": "number",
          "Ingredients-5681615": "number",
          "International-Foods-2957347": "number",
          "International-Foods-5605986": "number",
          "Juice-2957691": "number",
          "Kefir-Drinkable-Yogurts-5107592": "number",
          "Kids-5107594": "number",
          "Kids-Bath-5509822": "number",
          "Kids-Hair-5509804": "number",
          "Kombucha-Wellness-Shots-5107587": "number",
          "Latino-Foods-2957683": "number",
          "Latino-Foods-5606102": "number",
          "Lip-Balms-5509839": "number",
          "Lip-Care-5089618": "number",
          "Liquid-5509827": "number",
          "Lotions-Creams-5509980": "number",
          "Makeup-Nail-Care-2957657": "number",
          "Marshmallows-5681875": "number",
          "Mascarpone-Creams-4468027": "number",
          "Milk-2957428": "number",
          "Milk-Based-Coffee-Creamer-6311288": "number",
          "Milk-Juice-and-Refrigerated-Beverage-2957433": "number",
          "Moisturizers-5509813": "number",
          "More-Departments-2957057": "number",
          "Mozzarella-Burrata-Mascarpone-4459768": "number",
          "Novelties-5107783": "number",
          "Novelties-5605998": "number",
          "Oat-5605962": "number",
          "Oat-5681804": "number",
          "Oatmeal-Grits-5681832": "number",
          "Other-Italian-Hard-Cheeses-4468023": "number",
          "Personal-Care-and-Makeup-2952098": "number",
          "Pizza-Wings-2957342": "number",
          "Pizza-and-Toppings-2957637": "number",
          "Plant-Based-Coffee-Creamer-6311285": "number",
          "Porters-and-Stouts-6004073": "number",
          "Pouches---All-Stages-5508098": "number",
          "Prepared-Foods-2957054": "number",
          "Pretzels-5108066": "number",
          "Protein-Lifestyle-Bars-5681862": "number",
          "Protein-Snack-Bars-2957723": "number",
          "Puffs-Melts-Teething-Wafers-5508099": "number",
          "Ready-To-Drink-5509235": "number",
          "Refrigerated-Dips-and-Sour-Cream-2957538": "number",
          "Ricotta-5605976": "number",
          "Salsa-Queso-2957437": "number",
          "Seasonal-Holiday-Candy-5681881": "number",
          "Shampoo-Conditioner-5509806": "number",
          "Shaving-Grooming-2957529": "number",
          "Shelf-Stable-Beverages-2957622": "number",
          "Shredded-5605951": "number",
          "Single-Serve-5681878": "number",
          "Sliced-5605952": "number",
          "Snack-Nuts-5108044": "number",
          "Snack-String-5605949": "number",
          "Solids-and-Sticks-5509831": "number",
          "Soups-Broths-2957498": "number",
          "Soy-5605960": "number",
          "Soy-5681803": "number",
          "Specialty-5681805": "number",
          "Specialty-Beverages-5605963": "number",
          "Specialty-Mixes-5681812": "number",
          "Specialty-Yogurt-5107596": "number",
          "Styling-Products-5509801": "number",
          "Tea-2957483": "number",
          "Tea-Lemonades-5107588": "number",
          "Textured-Hair-Care-5509807": "number",
          "Toddler-Formulas-5508106": "number",
          "Toners-5509815": "number",
          "TonicTinctures-Bitters-5089504": "number",
          "Travel-2957562": "number",
          "Travel-Size-Products-5509589": "number",
          "Vitamins-and-Supplements-2957534": "number",
          "Whey-Protein-Powder-5509236": "number",
          "Whipped-Toppings-2957432": "number",
          "Wine-Beer-Spirits-2957056": "number",
          "Yogurt-2957536": "number",
        },
        "categoryFacets.brewStyle": {
          "Ready to Drink": "number",
        },
        "categoryFacets.countryOfOrigin": {
          "California": "number",
          "France": "number",
          "United States of America (the)": "number",
          "Wisconsin": "number",
        },
        "categoryFacets.flavor": {
          "Flavored": "number",
          "Plain": "number",
          "Unflavored": "number",
        },
        "categoryFacets.milk%": {
          "1%": "number",
          "2%": "number",
          "Skim": "number",
          "Whole": "number",
        },
        "categoryFacets.milkType": {
          "Cow": "number",
          "Goat": "number",
        },
        "categoryFacets.size": {
          "Gallon": "number",
          "Half Gallon": "number",
          "Half Pint": "number",
          "Multi Pack": "number",
          "Multi Serve": "number",
          "Multi-Pack": "number",
          "Pint": "number",
          "Quart": "number",
          "Single Serve": "number",
        },
        "categoryFacets.style": {
          "Tea Bag": "number",
        },
        "categoryFacets.type": {
          "Almond": "number",
          "Banana": "number",
          "Blended": "number",
          "Cashew": "number",
          "Coconut": "number",
          "Cow": "number",
          "Cow Lactose Free": "number",
          "Dairy Free": "number",
          "Drinkable": "number",
          "Flax": "number",
          "Fruit on the Bottom": "number",
          "Greek": "number",
          "Hazelnut": "number",
          "Herbal": "number",
          "Kids": "number",
          "Macadamia": "number",
          "Oat": "number",
          "Pea": "number",
          "Plant-Based": "number",
          "Rice": "number",
          "Soy": "number",
          "Specialty": "number",
          "Sunflower Seed": "number",
          "Walnut": "number",
        },
        "categoryPageId": {
          "Cheese": "number",
          "Cheese > Blue Cheese": "number",
          "Cheese > Brie & Other Cave Ripened Soft Cheeses": "number",
          "Cheese > Brie & Other Cave Ripened Soft Cheeses > Brie & Wegmans Cave Ripened": "number",
          "Cheese > Feta, Olives and Antipasti": "number",
          "Cheese > Feta, Olives and Antipasti > Feta": "number",
          "Cheese > Hard Cheeses": "number",
          "Cheese > Hard Cheeses > Cheddar": "number",
          "Cheese > Hard Cheeses > Other Italian Hard Cheeses": "number",
          "Cheese > Mozzarella, Burrata & Mascarpone": "number",
          "Cheese > Mozzarella, Burrata & Mascarpone > Mascarpone & Creams": "number",
          "Dairy": "number",
          "Dairy > Cheese": "number",
          "Dairy > Cheese > Block": "number",
          "Dairy > Cheese > Shredded": "number",
          "Dairy > Cheese > Sliced": "number",
          "Dairy > Cheese > Snack & String": "number",
          "Dairy > Coffee Creamer and Cream": "number",
          "Dairy > Coffee Creamer and Cream > Milk Based Coffee Creamer": "number",
          "Dairy > Coffee Creamer and Cream > Plant Based Coffee Creamer": "number",
          "Dairy > Cookies & Desserts": "number",
          "Dairy > Cookies & Desserts > Cookie and Brownie Dough": "number",
          "Dairy > Cookies & Desserts > Dairy Free Desserts": "number",
          "Dairy > Cottage and Ricotta Cheese": "number",
          "Dairy > Cottage and Ricotta Cheese > Cottage Cheese": "number",
          "Dairy > Cottage and Ricotta Cheese > Ricotta": "number",
          "Dairy > International Foods": "number",
          "Dairy > International Foods > Latino Foods": "number",
          "Dairy > Milk, Juice and Refrigerated Beverage": "number",
          "Dairy > Milk, Juice and Refrigerated Beverage > Dairy Free Beverages": "number",
          "Dairy > Milk, Juice and Refrigerated Beverage > Dairy Free Beverages > Almond": "number",
          "Dairy > Milk, Juice and Refrigerated Beverage > Dairy Free Beverages > Coconut": "number",
          "Dairy > Milk, Juice and Refrigerated Beverage > Dairy Free Beverages > Oat": "number",
          "Dairy > Milk, Juice and Refrigerated Beverage > Dairy Free Beverages > Soy": "number",
          "Dairy > Milk, Juice and Refrigerated Beverage > Dairy Free Beverages > Specialty Beverages": "number",
          "Dairy > Milk, Juice and Refrigerated Beverage > Functional Beverages": "number",
          "Dairy > Milk, Juice and Refrigerated Beverage > Juice": "number",
          "Dairy > Milk, Juice and Refrigerated Beverage > Kombucha & Wellness Shots": "number",
          "Dairy > Milk, Juice and Refrigerated Beverage > Milk": "number",
          "Dairy > Milk, Juice and Refrigerated Beverage > Tea & Lemonades": "number",
          "Dairy > Refrigerated Dips and Sour Cream": "number",
          "Dairy > Refrigerated Dips and Sour Cream > Salsa & Queso": "number",
          "Dairy > Whipped Toppings": "number",
          "Dairy > Yogurt": "number",
          "Dairy > Yogurt > Blended and Fruit on the Bottom": "number",
          "Dairy > Yogurt > Dairy Free Yogurt": "number",
          "Dairy > Yogurt > Greek": "number",
          "Dairy > Yogurt > Kefir & Drinkable Yogurts": "number",
          "Dairy > Yogurt > Kids": "number",
          "Dairy > Yogurt > Specialty Yogurt": "number",
          "Frozen": "number",
          "Frozen > Fruit": "number",
          "Frozen > Fruit > Novelties": "number",
          "Frozen > Ice Cream": "number",
          "Frozen > Ice Cream > Cones and Toppings": "number",
          "Frozen > Ice Cream > Dairy Free Ice Cream": "number",
          "Frozen > Ice Cream > Dairy Free Novelties": "number",
          "Frozen > Ice Cream > Ice Cream": "number",
          "Frozen > Ice Cream > Ice Cream > Ice Cream": "number",
          "Frozen > Ice Cream > Ice Cream Pints": "number",
          "Frozen > Ice Cream > Ice Cream Pints > Ice Cream": "number",
          "Frozen > Ice Cream > Novelties": "number",
          "Frozen > Ice Cream > Novelties > IC Novelties": "number",
          "Grocery": "number",
          "Grocery > Baking & Baking Ingredients": "number",
          "Grocery > Baking & Baking Ingredients > Baking Mixes": "number",
          "Grocery > Baking & Baking Ingredients > Baking Mixes > Brownies": "number",
          "Grocery > Baking & Baking Ingredients > Baking Mixes > Specialty Mixes": "number",
          "Grocery > Baking & Baking Ingredients > Baking Needs": "number",
          "Grocery > Baking & Baking Ingredients > Baking Needs > Baking Chocolate & Morsels": "number",
          "Grocery > Baking & Baking Ingredients > Canned & Powdered Milk": "number",
          "Grocery > Baking & Baking Ingredients > Frosting & Icing": "number",
          "Grocery > Beverages": "number",
          "Grocery > Beverages > Cocoa": "number",
          "Grocery > Beverages > Coffee & Creamers": "number",
          "Grocery > Beverages > Coffee & Creamers > Cold Brew & Bottled Coffee": "number",
          "Grocery > Beverages > Coffee & Creamers > Creamers": "number",
          "Grocery > Beverages > Shelf Stable Beverages": "number",
          "Grocery > Beverages > Shelf Stable Beverages > Almond": "number",
          "Grocery > Beverages > Shelf Stable Beverages > Coconut": "number",
          "Grocery > Beverages > Shelf Stable Beverages > Dairy & Protein": "number",
          "Grocery > Beverages > Shelf Stable Beverages > Oat": "number",
          "Grocery > Beverages > Shelf Stable Beverages > Soy": "number",
          "Grocery > Beverages > Shelf Stable Beverages > Specialty": "number",
          "Grocery > Beverages > Tea": "number",
          "Grocery > Beverages > Tea > Herbal Tea": "number",
          "Grocery > Breakfast": "number",
          "Grocery > Breakfast > Cereal": "number",
          "Grocery > Breakfast > Oatmeal & Grits": "number",
          "Grocery > Candy": "number",
          "Grocery > Candy > Chocolate": "number",
          "Grocery > Candy > Marshmallows": "number",
          "Grocery > Candy > Seasonal & Holiday Candy": "number",
          "Grocery > Candy > Single Serve": "number",
          "Grocery > Chips & Snack Foods": "number",
          "Grocery > Chips & Snack Foods > Cookies": "number",
          "Grocery > Chips & Snack Foods > Cookies > Cookies": "number",
          "Grocery > Chips & Snack Foods > Pretzels": "number",
          "Grocery > Chips & Snack Foods > Snack Nuts": "number",
          "Grocery > Chips & Snack Foods > Snack Nuts > Flavored Nuts & Blends": "number",
          "Grocery > International Foods": "number",
          "Grocery > International Foods > Asian": "number",
          "Grocery > International Foods > Asian > Ingredients": "number",
          "Grocery > International Foods > European & Mediterranean": "number",
          "Grocery > International Foods > Latino Foods": "number",
          "Grocery > International Foods > Latino Foods > Canned Milk": "number",
          "Grocery > Protein & Snack Bars": "number",
          "Grocery > Protein & Snack Bars > High Protein Bars": "number",
          "Grocery > Protein & Snack Bars > Protein & Lifestyle Bars": "number",
          "Grocery > Soups & Broths": "number",
          "Grocery > Soups & Broths > Canned Soup": "number",
          "More Departments": "number",
          "More Departments > Baby & Toddler": "number",
          "More Departments > Baby & Toddler > Baby Food & Snacks": "number",
          "More Departments > Baby & Toddler > Baby Food & Snacks > Fresh Refrigerated Baby & Kids Food": "number",
          "More Departments > Baby & Toddler > Baby Food & Snacks > Pouches - All Stages": "number",
          "More Departments > Baby & Toddler > Baby Food & Snacks > Puffs, Melts & Teething Wafers": "number",
          "More Departments > Baby & Toddler > Bottles & Breastfeeding": "number",
          "More Departments > Baby & Toddler > Bottles & Breastfeeding > Breastfeeding Support": "number",
          "More Departments > Baby & Toddler > Formula & Electrolytes": "number",
          "More Departments > Baby & Toddler > Formula & Electrolytes > Infant Formula - Liquid Concentrates": "number",
          "More Departments > Baby & Toddler > Formula & Electrolytes > Infant Formula - Powders": "number",
          "More Departments > Baby & Toddler > Formula & Electrolytes > Infant Formula - Ready To Feeds": "number",
          "More Departments > Baby & Toddler > Formula & Electrolytes > Toddler Formulas": "number",
          "More Departments > Bulk Foods": "number",
          "More Departments > Bulk Foods > Candy and Gum": "number",
          "More Departments > Health and Wellness": "number",
          "More Departments > Health and Wellness > Active & Sport Nutrition": "number",
          "More Departments > Health and Wellness > Active & Sport Nutrition > Ready To Drink": "number",
          "More Departments > Health and Wellness > Active & Sport Nutrition > Whey Protein Powder": "number",
          "More Departments > Health and Wellness > Digestive Health": "number",
          "More Departments > Health and Wellness > Digestive Health > Fiber & Laxatives": "number",
          "More Departments > Health and Wellness > Vitamins and Supplements": "number",
          "More Departments > Health and Wellness > Vitamins and Supplements > Calcium": "number",
          "More Departments > Health and Wellness > Vitamins and Supplements > Diet & Detox": "number",
          "More Departments > Health and Wellness > Vitamins and Supplements > Tonic,Tinctures & Bitters": "number",
          "More Departments > Personal Care and Makeup": "number",
          "More Departments > Personal Care and Makeup > Bath & Body": "number",
          "More Departments > Personal Care and Makeup > Bath & Body > Bar Soap": "number",
          "More Departments > Personal Care and Makeup > Bath & Body > Body Wash & Shower Gel": "number",
          "More Departments > Personal Care and Makeup > Bath & Body > Kids' Bath": "number",
          "More Departments > Personal Care and Makeup > Deodorant & Antiperspirant": "number",
          "More Departments > Personal Care and Makeup > Deodorant & Antiperspirant > Solids and Sticks": "number",
          "More Departments > Personal Care and Makeup > Facial Skin Care": "number",
          "More Departments > Personal Care and Makeup > Facial Skin Care > Cleansers & Wipes": "number",
          "More Departments > Personal Care and Makeup > Facial Skin Care > Moisturizers": "number",
          "More Departments > Personal Care and Makeup > Facial Skin Care > Toners": "number",
          "More Departments > Personal Care and Makeup > Hair Care": "number",
          "More Departments > Personal Care and Makeup > Hair Care > Kids' Hair": "number",
          "More Departments > Personal Care and Makeup > Hair Care > Shampoo & Conditioner": "number",
          "More Departments > Personal Care and Makeup > Hair Care > Styling Products": "number",
          "More Departments > Personal Care and Makeup > Hair Care > Textured Hair Care": "number",
          "More Departments > Personal Care and Makeup > Hand & Body Lotion": "number",
          "More Departments > Personal Care and Makeup > Hand & Body Lotion > Lotions & Creams": "number",
          "More Departments > Personal Care and Makeup > Hand Soap": "number",
          "More Departments > Personal Care and Makeup > Hand Soap > Liquid": "number",
          "More Departments > Personal Care and Makeup > Lip Care": "number",
          "More Departments > Personal Care and Makeup > Lip Care > Lip Balms": "number",
          "More Departments > Personal Care and Makeup > Makeup & Nail Care": "number",
          "More Departments > Personal Care and Makeup > Makeup & Nail Care > Face": "number",
          "More Departments > Personal Care and Makeup > Shaving & Grooming": "number",
          "More Departments > Personal Care and Makeup > Shaving & Grooming > Hair Removal": "number",
          "More Departments > Personal Care and Makeup > Travel": "number",
          "More Departments > Personal Care and Makeup > Travel > Travel Size Products": "number",
          "Prepared Foods": "number",
          "Prepared Foods > Pizza & Wings": "number",
          "Prepared Foods > Pizza & Wings > Pizza and Toppings": "number",
          "Wine, Beer & Spirits": "number",
          "Wine, Beer & Spirits > Beer Shop": "number",
          "Wine, Beer & Spirits > Beer Shop > Porters and Stouts": "number",
        },
        "consumerBrandName": {
          "3 Musketeers": "number",
          "Abbott": "number",
          "Activia": "number",
          "Almond Breeze": "number",
          "Andalou": "number",
          "Atkins": "number",
          "BelGioioso": "number",
          "Ben & Jerry's": "number",
          "Betty Crocker": "number",
          "Billie": "number",
          "Blue Diamond": "number",
          "Bobbie": "number",
          "Bolthouse Farms": "number",
          "Breakstone's": "number",
          "Breyers": "number",
          "Brown Cow": "number",
          "Buncha Crunch": "number",
          "Burt's Bees": "number",
          "Cacique": "number",
          "Cadbury": "number",
          "Califia Farms": "number",
          "Camille Rose": "number",
          "Carnation": "number",
          "Carol's Daughter": "number",
          "Cella's": "number",
          "Cerebelly": "number",
          "Chobani": "number",
          "ChocZero": "number",
          "ChocoMaker": "number",
          "Chocolake": "number",
          "Chunky": "number",
          "Cocojune": "number",
          "Cocokind": "number",
          "Coffee-Mate": "number",
          "Cookies-n-Milk": "number",
          "Core Power": "number",
          "CoverGirl": "number",
          "Crowley": "number",
          "Crunch": "number",
          "Daisy": "number",
          "Dannon": "number",
          "Dole": "number",
          "Dove": "number",
          "Dr Teal's": "number",
          "Dream": "number",
          "Duncan Hines": "number",
          "Dunkin'": "number",
          "Eagle Brand": "number",
          "Earth's Best Organic": "number",
          "Elmhurst": "number",
          "Enfamil": "number",
          "Enjoy Life": "number",
          "Ensure": "number",
          "FRESH MONSTER": "number",
          "Fage": "number",
          "Fall River Soap Co.": "number",
          "Flipz": "number",
          "Forager Project": "number",
          "Friendship Dairies": "number",
          "Frosted Flakes": "number",
          "Fructis": "number",
          "Full Circle": "number",
          "Full Circle Market": "number",
          "GT's": "number",
          "Galbani": "number",
          "Ghirardelli": "number",
          "Godiva": "number",
          "Good Culture": "number",
          "Good Karma": "number",
          "GoodPop": "number",
          "Goya": "number",
          "Grace": "number",
          "Guittard": "number",
          "Haagen-Dazs": "number",
          "Happy Baby": "number",
          "Harmless Harvest": "number",
          "Health-Ade": "number",
          "Heath": "number",
          "Herb Pharm": "number",
          "Hershey's": "number",
          "Horizon Organic": "number",
          "Icelandic Provisions": "number",
          "Ithaca Milk": "number",
          "Jocko": "number",
          "Johnvince Foods": "number",
          "Just the Fun Part": "number",
          "Justin's": "number",
          "Karine & Jeff": "number",
          "Kiki Milk": "number",
          "Kinder Bueno": "number",
          "Kit Kat": "number",
          "KitKat": "number",
          "Koia": "number",
          "Kraft": "number",
          "La Colombe": "number",
          "La Lechera": "number",
          "LaClare Family Creamery": "number",
          "Lactaid": "number",
          "Lansinoh": "number",
          "Lattini": "number",
          "Left Hand": "number",
          "Let's Do Organic": "number",
          "Lifeway": "number",
          "Lily's": "number",
          "Lindt": "number",
          "Lindt Lindor": "number",
          "Loco Coffee Co.": "number",
          "Love Beets": "number",
          "M&M's": "number",
          "MALK Organics": "number",
          "Maui": "number",
          "Maui Moisture": "number",
          "Mauna Loa": "number",
          "Method": "number",
          "Meyenberg": "number",
          "Milk Duds": "number",
          "Milka": "number",
          "Milkadamia": "number",
          "Milky Way": "number",
          "Minor Figures": "number",
          "Mixed": "number",
          "Mooala": "number",
          "Mooala Organic": "number",
          "Muscle Milk": "number",
          "NESTLE CARNATION": "number",
          "Nair": "number",
          "Naked": "number",
          "Native": "number",
          "Native Forest": "number",
          "Natural Bliss": "number",
          "Nature's Charm": "number",
          "Nature's Way": "number",
          "Nesquik": "number",
          "Nestle": "number",
          "Neutrogena": "number",
          "Nido": "number",
          "Nutpods": "number",
          "Nutri": "number",
          "Oatly": "number",
          "Ogx": "number",
          "Old Chatham Creamery": "number",
          "Olipop": "number",
          "Once Upon a Farm": "number",
          "Organic Valley": "number",
          "Oui": "number",
          "POM Wonderful": "number",
          "Pantene": "number",
          "Parmalat": "number",
          "Pepperidge Farm": "number",
          "Phillips'": "number",
          "Pillsbury": "number",
          "Pittsford Farms Dairy": "number",
          "Polly-O": "number",
          "Pop & Bottle": "number",
          "Premier Protein": "number",
          "Pure Leaf": "number",
          "QUEST": "number",
          "Raisinets": "number",
          "Raw": "number",
          "Raw Sugar": "number",
          "Rebbl": "number",
          "Reese's": "number",
          "Remedy Organics": "number",
          "Ripple": "number",
          "Ritter Sport": "number",
          "Rockin' Protein": "number",
          "Russell Stover": "number",
          "SIGGIS": "number",
          "Saco": "number",
          "Schmidt's": "number",
          "Shamrock Farms": "number",
          "Shea Moisture": "number",
          "Sierra Nevada Cheese Company": "number",
          "Siggi's": "number",
          "Silk": "number",
          "Similac": "number",
          "Simply": "number",
          "Skor": "number",
          "Snickers": "number",
          "So Delicious Dairy Free": "number",
          "Soapbox": "number",
          "Starbucks": "number",
          "Stonyfield Farm": "number",
          "Stonyfield Organic": "number",
          "Stuffed Puffs": "number",
          "Super Coffee": "number",
          "Swiss Miss": "number",
          "Synergy": "number",
          "Taliah Waajid": "number",
          "Tgin": "number",
          "Thai Kitchen": "number",
          "Thayers": "number",
          "Tippy Toes": "number",
          "Toll House": "number",
          "Tony's Chocolonely": "number",
          "Too Good & Co.": "number",
          "Traditional Medicinals": "number",
          "Transparent Labs": "number",
          "Tropicana": "number",
          "Tru Fru": "number",
          "Twister": "number",
          "Twix": "number",
          "Upstate Farms": "number",
          "Viactiv": "number",
          "Village Farm": "number",
          "Vita Coco": "number",
          "Wegmans": "number",
          "West Life": "number",
          "WestSoy": "number",
          "Whipt": "number",
          "Whitman's": "number",
          "Whoppers": "number",
          "Wildwonder": "number",
          "Wtrmln Wtr": "number",
          "YoCrunch": "number",
          "ZUM BAR": "number",
          "Zen": "number",
          "a2 Milk": "number",
          "eos": "number",
          "fairlife": "number",
        },
        "digitalCouponsOfferIds": {
          "5036158": "number",
          "5036159": "number",
          "5036162": "number",
          "5036163": "number",
          "5055715": "number",
          "5183501": "number",
          "5183682": "number",
          "5980753": "number",
          "6051521": "number",
          "6051523": "number",
          "6051651": "number",
          "6127522": "number",
          "6131558": "number",
          "6195778": "number",
          "6232809": "number",
          "6261976": "number",
          "6261977": "number",
          "6263827": "number",
          "6298864": "number",
          "6376050": "number",
          "6389406": "number",
          "6389410": "number",
          "6389530": "number",
          "6389531": "number",
          "6420814": "number",
          "6423793": "number",
          "6435023": "number",
          "6435220": "number",
          "6438839": "number",
          "6445208": "number",
          "6445209": "number",
          "6445212": "number",
          "6445214": "number",
          "6462451": "number",
          "6503526": "number",
          "6503533": "number",
          "6503550": "number",
          "6507438": "number",
          "6580626": "number",
          "6580628": "number",
          "6580629": "number",
          "6588689": "number",
          "6596647": "number",
          "6596674": "number",
          "6598251": "number",
          "6612842": "number",
          "6613091": "number",
          "6614711": "number",
          "6620284": "number",
          "6632978": "number",
          "6633159": "number",
          "7016969": "number",
          "7039007": "number",
          "7052669": "number",
          "7068850": "number",
          "7069421": "number",
          "7069429": "number",
          "7071104": "number",
          "7071109": "number",
          "7071112": "number",
          "7071115": "number",
          "7071117": "number",
          "7083596": "number",
          "7089045": "number",
          "7107515": "number",
          "7113256": "number",
          "7113257": "number",
          "7138282": "number",
          "7143284": "number",
          "7152204": "number",
          "7154848": "number",
          "7156104": "number",
          "7157270": "number",
          "7189564": "number",
          "7206076": "number",
          "7206078": "number",
          "7206081": "number",
          "7206083": "number",
          "7206084": "number",
          "7206085": "number",
          "7213445": "number",
          "7213841": "number",
          "7224934": "number",
          "7224935": "number",
          "7224937": "number",
          "7224938": "number",
          "7224942": "number",
          "7224943": "number",
          "7236545": "number",
          "7237595": "number",
          "7239800": "number",
          "7257832": "number",
          "7258767": "number",
          "7266464": "number",
          "7286507": "number",
          "7286515": "number",
          "7286516": "number",
          "7286517": "number",
          "7286519": "number",
          "7286521": "number",
          "7288083": "number",
          "7331810": "number",
          "7331811": "number",
          "7331812": "number",
          "7331815": "number",
          "7331817": "number",
          "7331818": "number",
          "7363761": "number",
          "7363763": "number",
          "7363766": "number",
          "7363767": "number",
          "7363769": "number",
          "7363770": "number",
          "7367156": "number",
          "7369996": "number",
          "7372597": "number",
          "7373352": "number",
          "7373353": "number",
          "7373356": "number",
          "7373357": "number",
          "7381046": "number",
          "7398544": "number",
          "7422343": "number",
          "7461062": "number",
          "7461065": "number",
          "7461107": "number",
          "7461112": "number",
          "7461120": "number",
          "7461125": "number",
          "7462591": "number",
          "7463266": "number",
          "7464369": "number",
          "7478604": "number",
          "7482167": "number",
          "7483292": "number",
          "7483953": "number",
          "7499539": "number",
          "7512910": "number",
          "7524167": "number",
          "7524207": "number",
          "7531452": "number",
          "7531453": "number",
          "7531456": "number",
          "7531457": "number",
          "7531458": "number",
          "7531459": "number",
          "7568568": "number",
          "7571297": "number",
          "7572950": "number",
          "7582171": "number",
          "7582172": "number",
          "7582177": "number",
          "7582179": "number",
          "7582180": "number",
          "7582181": "number",
          "7582183": "number",
          "7582186": "number",
          "7588090": "number",
          "7591390": "number",
          "7592491": "number",
          "7627607": "number",
          "7633662": "number",
          "7633810": "number",
          "7633812": "number",
          "7633813": "number",
          "7633815": "number",
          "7670517": "number",
          "7688553": "number",
          "7690158": "number",
          "7690195": "number",
          "7700851": "number",
          "7722561": "number",
          "7722638": "number",
          "7722741": "number",
          "7726198": "number",
          "7727054": "number",
          "7727125": "number",
          "7736792": "number",
          "7742862": "number",
          "7764595": "number",
          "7776864": "number",
          "7802292": "number",
          "7813419": "number",
          "7837779": "number",
          "7838014": "number",
          "7839606": "number",
          "7840086": "number",
          "7840251": "number",
          "7840254": "number",
          "7842680": "number",
          "7842710": "number",
          "7845297": "number",
          "7845299": "number",
          "7846723": "number",
          "7886614": "number",
          "7887835": "number",
          "7906330": "number",
          "7907242": "number",
          "7907934": "number",
          "7908512": "number",
        },
        "discountType": {
          "loyalty": "number",
        },
        "ebtEligible": {
          "false": "number",
          "true": "number",
        },
        "filterTags": {
          "Family Pack": "number",
          "Food You Feel Good About": "number",
          "Gluten Free": "number",
          "Gluten Free with Oats": "number",
          "Heart Healthy": "number",
          "Kosher": "number",
          "Lactose Free": "number",
          "Made With No Gluten Containing Ingredients": "number",
          "NationalBrandGlutenFree": "number",
          "Organic": "number",
          "Private Label": "number",
          "Vegan": "number",
          "Wegmans Brand": "number",
        },
        "fulfilmentType": {
          "delivery": "number",
          "instore": "number",
          "pickup": "number",
        },
        "hasOffers": {
          "false": "number",
          "true": "number",
        },
        "isAlcoholItem": {
          "false": "number",
          "true": "number",
        },
        "isAvailable": {
          "false": "number",
          "true": "number",
        },
        "isHotZone": {
          "false": "number",
          "true": "number",
        },
        "isIWSProduct": {
          "false": "number",
        },
        "isLoyalty": {
          "false": "number",
          "true": "number",
        },
        "isNewItem": {
          "false": "number",
          "true": "number",
        },
        "isSoldByWeight": {
          "false": "number",
          "true": "number",
        },
        "keywords": {
          "1% lowfat chocolate milk": "number",
          "1% lowfat lactose free milk": "number",
          "1% lowfat milk": "number",
          "1% lowfat strawberry milk": "number",
          "2% reduced fat chocolate milk": "number",
          "2% reduced fat lactose free milk": "number",
          "2% reduced fat milk": "number",
          "3 musketeers candy bar": "number",
          "almond & coconut milk coffee creamer": "number",
          "almond chocolate candy": "number",
          "almond chocolate kiss": "number",
          "almond milk": "number",
          "almond milk coffee creamer": "number",
          "almond milk whipped topping": "number",
          "american cheese": "number",
          "antiperspirant": "number",
          "apple blueberry yogurt": "number",
          "apple kombucha": "number",
          "baby food": "number",
          "bamboo coconut growth oil": "number",
          "banana milk": "number",
          "bar": "number",
          "bar soap": "number",
          "beer": "number",
          "beet juice": "number",
          "berry almond milk yogurt": "number",
          "berry coconut milk yogurt": "number",
          "berry kombucha": "number",
          "berry skyr yogurt": "number",
          "berry soy milk yogurt": "number",
          "berry yogurt": "number",
          "biotic soda": "number",
          "black cherry yogurt": "number",
          "blue cheese": "number",
          "blue juice blend": "number",
          "blueberry almond milk yogurt": "number",
          "blueberry pomegranate goat kefir": "number",
          "body lotion": "number",
          "body wash": "number",
          "breakfast": "number",
          "breast milk storage": "number",
          "brie cheese": "number",
          "brown sugar dairy free coffee creamer": "number",
          "brownie mix": "number",
          "bubble bath": "number",
          "buttermilk": "number",
          "calcium orange juice": "number",
          "calcium supplement": "number",
          "calming lavender body lotion": "number",
          "candy": "number",
          "candy bar": "number",
          "candy wafer/chocolate": "number",
          "canned coconut cream": "number",
          "canned light coconut milk": "number",
          "canned unsweetened coconut milk": "number",
          "caramel chocolate candy": "number",
          "caramel coffee creamer": "number",
          "caramel milk chocolate truffles": "number",
          "carrot baby food": "number",
          "carrot juice": "number",
          "cashew milk": "number",
          "cereal": "number",
          "cheese": "number",
          "cherry lemonade probiotic soda": "number",
          "cherry yogurt": "number",
          "chocolate": "number",
          "chocolate almond milk": "number",
          "chocolate bar": "number",
          "chocolate bark": "number",
          "chocolate butter cookie": "number",
          "chocolate candy": "number",
          "chocolate candy coating": "number",
          "chocolate candy variety pack": "number",
          "chocolate caramel ice cream bars": "number",
          "chocolate cherries": "number",
          "chocolate chip edible cookie dough": "number",
          "chocolate coconut almond milk yogurt": "number",
          "chocolate cookies": "number",
          "chocolate covered fruit": "number",
          "chocolate covered nuts": "number",
          "chocolate covered strawberries": "number",
          "chocolate filled marshmallow": "number",
          "chocolate frosting": "number",
          "chocolate hugs": "number",
          "chocolate iced coffee drink": "number",
          "chocolate kiss": "number",
          "chocolate lowfat milk": "number",
          "chocolate milk": "number",
          "chocolate non-dairy frozen dessert": "number",
          "chocolate nutritional drink": "number",
          "chocolate oat milk": "number",
          "chocolate pretzels": "number",
          "chocolate protein powder": "number",
          "chocolate protein shake": "number",
          "chocolate raisins": "number",
          "chocolate snack": "number",
          "chocolate whey protein powder": "number",
          "cleanser": "number",
          "cocoa": "number",
          "coconut": "number",
          "coconut condensed milk": "number",
          "coconut cream": "number",
          "coconut evaporated milk": "number",
          "coconut milk": "number",
          "coconut milk whipped topping": "number",
          "coconut milk yogurt": "number",
          "coconut pineapple lip balm": "number",
          "coconut water": "number",
          "coconut yogurt baby food": "number",
          "coffee": "number",
          "coffee creamer": "number",
          "coffee yogurt": "number",
          "cola": "number",
          "condensed milk": "number",
          "conditioner": "number",
          "cookies": "number",
          "cookies and creme cereal": "number",
          "cotija cheese": "number",
          "cottage cheese": "number",
          "cranberry juice cocktail": "number",
          "cream": "number",
          "cream biotic soda": "number",
          "creamer": "number",
          "crispy rice chocolate candy": "number",
          "crumbled blue cheese": "number",
          "crumbled feta cheese": "number",
          "dairy free matcha latte": "number",
          "dairy free milk": "number",
          "dairy-free chocolate vanilla ice cream sandwiches": "number",
          "deodorant": "number",
          "dessert": "number",
          "dulce de leche": "number",
          "edible cookie dough": "number",
          "evaporated milk": "number",
          "evaporated skim milk": "number",
          "face wash": "number",
          "fast break candy bar": "number",
          "formula": "number",
          "foundation": "number",
          "frosting": "number",
          "frozen chocolate covered raspberries": "number",
          "frozen chocolate covered strawberries": "number",
          "frozen dessert": "number",
          "frozen fruit": "number",
          "fruit & veggie yogurt pouch": "number",
          "fruit punch": "number",
          "ginger biotic soda": "number",
          "ginger kombucha": "number",
          "goat evaporated milk": "number",
          "goat milk": "number",
          "grape biotic soda": "number",
          "grapefruit juice": "number",
          "green juice blend": "number",
          "green smoothie": "number",
          "gummy bears": "number",
          "hair conditioner": "number",
          "hair gel": "number",
          "hand soap": "number",
          "hazelnut chocolate candy": "number",
          "herbal blend tea bags": "number",
          "herbal supplement": "number",
          "herbs": "number",
          "high pulp orange juice": "number",
          "honey greek yogurt": "number",
          "horchata": "number",
          "hot chocolate": "number",
          "hot chocolate mix": "number",
          "hot chocolate pod": "number",
          "hydrating facial toner": "number",
          "hydration drink": "number",
          "ice cream": "number",
          "ice cream bars": "number",
          "ice cream sandwiches": "number",
          "iced black tea": "number",
          "iced coffee drink": "number",
          "infant formula": "number",
          "juice": "number",
          "kefir": "number",
          "keto chocolate candy": "number",
          "kids oat milk bubble bath": "number",
          "kit kat candy bar": "number",
          "kiwi strawberry juice": "number",
          "kombucha": "number",
          "lactose free chocolate milk": "number",
          "lactose free cottage cheese": "number",
          "lactose free ricotta cheese": "number",
          "large curd cottage cheese": "number",
          "laxatives": "number",
          "lemon cream top yogurt": "number",
          "lemon ginger kombucha": "number",
          "lemon greek yogurt": "number",
          "lemon iced black tea": "number",
          "lemon lime biotic soda": "number",
          "lemonade": "number",
          "light orange juice": "number",
          "limeade": "number",
          "lip balm": "number",
          "lotion": "number",
          "low acid orange juice": "number",
          "low sugar": "number",
          "lowfat berry greek yogurt": "number",
          "lowfat berry yogurt": "number",
          "lowfat buttermilk": "number",
          "lowfat cottage cheese": "number",
          "lowfat strawberry kefir": "number",
          "m&m candy": "number",
          "m&m yogurt parfait": "number",
          "macadamia milk": "number",
          "macadamia nuts": "number",
          "makeup": "number",
          "malted milk balls": "number",
          "mango almond milk yogurt": "number",
          "mango coconut milk yogurt": "number",
          "mango juice": "number",
          "mango soy milk yogurt": "number",
          "mango sparkling probiotic drink": "number",
          "maple cream top yogurt": "number",
          "maple yogurt": "number",
          "marshmallow": "number",
          "mexican sour cream": "number",
          "milano cookie": "number",
          "milk": "number",
          "milk & cookies ice cream": "number",
          "milk chocolate": "number",
          "milk chocolate almond bark": "number",
          "milk chocolate almond clusters": "number",
          "milk chocolate bar": "number",
          "milk chocolate candy": "number",
          "milk chocolate candy bar": "number",
          "milk chocolate cashew clusters": "number",
          "milk chocolate chips": "number",
          "milk chocolate covered macadamias": "number",
          "milk chocolate gummy bears": "number",
          "milk chocolate m&m candy": "number",
          "milk chocolate peanut butter bananas": "number",
          "milk chocolate peanut butter cups": "number",
          "milk chocolate pecans": "number",
          "milk chocolate pistachio cones": "number",
          "milk chocolate pretzels": "number",
          "milk chocolate sea salt caramels": "number",
          "milk chocolate truffle": "number",
          "milk chocolate truffles": "number",
          "milk chocolate wafer candy": "number",
          "milk chocolate waffle cone bites": "number",
          "milk duds candy": "number",
          "milk of magnesia": "number",
          "milk thistle capsules": "number",
          "milk-based infant formula": "number",
          "milky way candy bar": "number",
          "mini m&m candy": "number",
          "mini milk chocolate candy": "number",
          "mini peanut butter cups": "number",
          "mint citrus kombucha": "number",
          "mixed berry coconut yogurt baby food": "number",
          "moisturizing conditioner": "number",
          "morsel": "number",
          "mozzarella string cheese": "number",
          "nitro milk stout beer": "number",
          "no sugar added pineapple juice": "number",
          "non dairy milk": "number",
          "non-dairy cookies and creme frozen dessert": "number",
          "non-dairy vanilla frozen dessert": "number",
          "nonfat powdered milk": "number",
          "nonfat raspberry yogurt": "number",
          "nourish lotion": "number",
          "nutritional drink": "number",
          "oat milk": "number",
          "oat milk coffee creamer": "number",
          "oat milk vanilla body cream hair remover": "number",
          "oat milk whipped topping": "number",
          "oatmilk": "number",
          "oaxaca cheese": "number",
          "orange biotic soda": "number",
          "orange juice": "number",
          "orange juice blend": "number",
          "orange mango juice": "number",
          "orange pineapple juice": "number",
          "organic lemonade iced tea": "number",
          "organic milk": "number",
          "organic unsweetened almond milk": "number",
          "organic unsweetened coconut cream": "number",
          "organic unsweetened evaporated coconut milk": "number",
          "organic unsweetened oat milk": "number",
          "organic vanilla almond milk": "number",
          "organic whole milk": "number",
          "original oat milk": "number",
          "peach almond milk yogurt": "number",
          "peach coconut milk yogurt": "number",
          "peach cottage cheese": "number",
          "peach kombucha": "number",
          "peach pineapple juice": "number",
          "peanut butter chocolate frozen bananas": "number",
          "peanut butter cookie dough": "number",
          "peanut butter cups": "number",
          "peanut butter ice cream bars": "number",
          "peanut chocolate candy": "number",
          "peanut m&m candy": "number",
          "piave cheese": "number",
          "pineapple cottage cheese": "number",
          "pineapple mango juice": "number",
          "pistachio creamer": "number",
          "pistachio kunafa milk chocolate bar": "number",
          "pizza": "number",
          "plain almond milk yogurt": "number",
          "plain cashew milk yogurt": "number",
          "plain coconut milk yogurt": "number",
          "plain goat yogurt": "number",
          "plain greek yogurt": "number",
          "plain skyr yogurt": "number",
          "plain yogurt": "number",
          "plant based milk": "number",
          "plant milk": "number",
          "pomegranate juice": "number",
          "powdered milk": "number",
          "pretzels": "number",
          "probiotic": "number",
          "probiotic cleansing milk": "number",
          "probiotic drink": "number",
          "probiotic soda": "number",
          "protein": "number",
          "protein bar": "number",
          "protein drink": "number",
          "protein powder": "number",
          "protein shake": "number",
          "pulp free orange juice": "number",
          "punch": "number",
          "queso fresco": "number",
          "raspberry coconut milk yogurt": "number",
          "raspberry lemonade": "number",
          "raw milk cheddar cheese": "number",
          "raw milk cheese": "number",
          "recovery drink": "number",
          "rice milk": "number",
          "ricotta cheese": "number",
          "root beer biotic soda": "number",
          "salted caramel banana yogurt": "number",
          "shake": "number",
          "shampoo": "number",
          "shampoo and conditioner": "number",
          "sheep milk yogurt": "number",
          "sheeps milk cheese": "number",
          "shredded sharp cheddar cheese": "number",
          "skim lactose free milk": "number",
          "skim milk": "number",
          "sliced sharp cheddar cheese": "number",
          "smoothie": "number",
          "snickers candy bar": "number",
          "soap": "number",
          "soda": "number",
          "soothe body wash": "number",
          "soup": "number",
          "soy milk": "number",
          "strawberries": "number",
          "strawberry banana coconut milk yogurt": "number",
          "strawberry banana coconut yogurt baby food": "number",
          "strawberry banana smoothie": "number",
          "strawberry banana yogurt": "number",
          "strawberry biotic soda": "number",
          "strawberry coconut milk yogurt": "number",
          "strawberry cottage cheese": "number",
          "strawberry drink": "number",
          "strawberry lemonade": "number",
          "strawberry protein drink": "number",
          "strawberry protein shake": "number",
          "strawberry skyr yogurt": "number",
          "strawberry yogurt": "number",
          "string cheese": "number",
          "sugar free chocolate chips": "number",
          "sup": "number",
          "sweet cream coffee creamer": "number",
          "tea": "number",
          "thai coconut soup": "number",
          "toffee": "number",
          "toffee bits": "number",
          "toner": "number",
          "tropical juice blend": "number",
          "tropical punch": "number",
          "twix candy bar": "number",
          "ultra filtered": "number",
          "unsweetened almond milk": "number",
          "unsweetened cashew milk": "number",
          "unsweetened coconut & almond milk": "number",
          "unsweetened coconut milk": "number",
          "unsweetened flax milk": "number",
          "unsweetened iced black tea": "number",
          "unsweetened oat milk": "number",
          "unsweetened plain coconut milk yogurt": "number",
          "unsweetened plant milk blend": "number",
          "unsweetened soy milk": "number",
          "unsweetened vanilla almond milk": "number",
          "unsweetened vanilla plant milk": "number",
          "vanilla almond & coconut milk coffee creamer": "number",
          "vanilla almond milk": "number",
          "vanilla almond milk coffee creamer": "number",
          "vanilla almond milk yogurt": "number",
          "vanilla and chocolate ice cream bars": "number",
          "vanilla and strawberry ice cream bars": "number",
          "vanilla cashew milk yogurt": "number",
          "vanilla coconut milk": "number",
          "vanilla coconut milk yogurt": "number",
          "vanilla coffee": "number",
          "vanilla coffee creamer": "number",
          "vanilla cream top yogurt": "number",
          "vanilla dairy free iced coffee drink": "number",
          "vanilla greek yogurt": "number",
          "vanilla ice cream bars": "number",
          "vanilla iced coffee drink": "number",
          "vanilla milk": "number",
          "vanilla milk chocolate almond ice cream bars": "number",
          "vanilla milk chocolate ice cream bars": "number",
          "vanilla mocha ice cream bars": "number",
          "vanilla oat milk": "number",
          "vanilla oat milk coffee creamer": "number",
          "vanilla protein drink": "number",
          "vanilla protein powder": "number",
          "vanilla protein shake": "number",
          "vanilla skyr yogurt": "number",
          "vanilla soy milk": "number",
          "vanilla soy milk yogurt": "number",
          "vanilla whey protein powder": "number",
          "vanilla yogurt": "number",
          "vegan chocolate chips": "number",
          "vegan chocolate pudding": "number",
          "vegan protein shake": "number",
          "vitamin": "number",
          "wash": "number",
          "water": "number",
          "watermelon hydration drink": "number",
          "watermelon juice blend": "number",
          "whey protein": "number",
          "white american cheese": "number",
          "whole lactose free milk": "number",
          "whole milk": "number",
          "whole milk mozzarella cheese": "number",
          "whole milk mozzarella string cheese": "number",
          "whole milk shredded mozzarella cheese": "number",
          "yeast": "number",
          "yogurt": "number",
          "yogurt parfait variety pack": "number",
          "yogurt pouch": "number",
        },
        "loyaltyDeliveryDiscount.name": {
          "DollarOff": "number",
        },
        "loyaltyInstoreDiscount.name": {
          "DollarOff": "number",
        },
        "maxQuantity": {
          "0": "number",
          "20": "number",
          "5": "number",
          "99": "number",
        },
        "onlineSellByUnit": {
          "Each": "number",
          "ea": "number",
        },
        "popularTags": {
          "Family Pack": "number",
          "Food You Feel Good About": "number",
          "Kosher": "number",
          "Made With No Gluten Containing Ingredients": "number",
          "Organic": "number",
          "Private Label": "number",
          "Wegmans Brand": "number",
        },
        "storeNumber": {
          "74": "number",
        },
      },
      "facets_stats": {
        "category.key": {
          "avg": "number",
          "max": "number",
          "min": "number",
          "sum": "number",
        },
        "digitalCouponsOfferIds": {
          "avg": "number",
          "max": "number",
          "min": "number",
          "sum": "number",
        },
        "maxQuantity": {
          "avg": "number",
          "max": "number",
          "min": "number",
          "sum": "number",
        },
        "storeNumber": {
          "avg": "number",
          "max": "number",
          "min": "number",
          "sum": "number",
        },
      },
      "hits": [
        {
          "_rankingInfo": {
            "filters": "[max depth]",
            "firstMatchedWord": "[max depth]",
            "geoDistance": "[max depth]",
            "geoPrecision": "[max depth]",
            "nbExactWords": "[max depth]",
            "nbTypos": "[max depth]",
            "proximityDistance": "[max depth]",
            "userScore": "[max depth]",
            "words": "[max depth]",
          },
          "allergensAndWarnings": "string",
          "averageStarRating": "number",
          "bottleDeposit": "number",
          "categories": {
            "lvl0": "[max depth]",
            "lvl1": "[max depth]",
            "lvl2": "[max depth]",
          },
          "category": [
            "[max depth]",
          ],
          "categoryFacets": {
            "flavor": "[max depth]",
            "milk%": "[max depth]",
            "size": "[max depth]",
            "type": "[max depth]",
          },
          "categoryNodes": {
            "lvl0": "[max depth]",
            "lvl1": "[max depth]",
            "lvl2": "[max depth]",
          },
          "categoryPageId": [
            "[max depth]",
          ],
          "consumerBrandName": "string",
          "digitalCouponsOfferIds": [
            "[max depth]",
          ],
          "discountType": "string",
          "ebtEligible": "boolean",
          "excludeFromWeb": "boolean",
          "filterTags": [
            "[max depth]",
          ],
          "fulfilmentType": [
            "[max depth]",
          ],
          "hasOffers": "boolean",
          "images": [
            "[max depth]",
          ],
          "ingredients": "string",
          "instructions": "string",
          "isAlcoholItem": "boolean",
          "isAvailable": "boolean",
          "isIWSProduct": "boolean",
          "isLoyalty": "boolean",
          "isNewItem": "boolean",
          "isSoldAtStore": "boolean",
          "isSoldByWeight": "boolean",
          "keywords": [
            "[max depth]",
          ],
          "lastUpdated": "string",
          "loyaltyDeliveryDiscount": [
            "[max depth]",
          ],
          "loyaltyInstoreDiscount": [
            "[max depth]",
          ],
          "maxQuantity": "number",
          "nutrition": {
            "nutritions": "[max depth]",
            "serving": "[max depth]",
          },
          "objectID": "string",
          "onlineApproxUnitWeight": "number",
          "onlineSellByUnit": "string",
          "packSize": "string",
          "planogram": {
            "aisle": "[max depth]",
            "shelf": "[max depth]",
          },
          "popularTags": [
            "[max depth]",
          ],
          "price_delivery": {
            "amount": "[max depth]",
            "channelKey": "[max depth]",
            "unitPrice": "[max depth]",
          },
          "price_deliveryLoyalty": {
            "amount": "[max depth]",
            "channelKey": "[max depth]",
            "unitPrice": "[max depth]",
          },
          "price_inStore": {
            "amount": "[max depth]",
            "channelKey": "[max depth]",
            "unitPrice": "[max depth]",
          },
          "price_inStoreLoyalty": {
            "amount": "[max depth]",
            "channelKey": "[max depth]",
            "unitPrice": "[max depth]",
          },
          "productDescription": "string",
          "productID": "string",
          "productId": "string",
          "productKeywords": [
            "[max depth]",
          ],
          "productName": "string",
          "requiredMinimumAgeToBuy": "number",
          "restrictedOTC": "boolean",
          "reviewCount": "number",
          "skuId": "string",
          "slug": "string",
          "soldByVendor": "string",
          "storeNumber": "string",
          "taxCode": "string",
          "upc": [
            "[max depth]",
          ],
          "webProductDescription": "string",
          "wellnessKeys": [
            "[max depth]",
          ],
        },
      ],
      "hitsPerPage": "number",
      "index": "string",
      "indexUsed": "string",
      "nbHits": "number",
      "nbPages": "number",
      "page": "number",
      "parsedQuery": "string",
      "processingTimeMS": "number",
      "query": "string",
      "queryID": "string",
      "timeoutCounts": "boolean",
      "timeoutHits": "boolean",
    },
  ],
}
`;
